{"logged_at": "2026-06-03 22:08:11", "symbol": "EURJPY", "direction": "CALL", "option_kind": "TURBO", "expiration_minutes": 1, "expiration_timestamp": 1780535340, "method": "buy_by_raw_expirations", "ok": false, "result": "Cannot purchase an option (the asset is not available at the moment)."}
{"logged_at": "2026-06-03 22:08:11", "symbol": "EURJPY", "direction": "CALL", "option_kind": "TURBO", "expiration_minutes": 1, "expiration_timestamp": 1780535340, "method": "buy", "ok": false, "result": "Cannot purchase an option (the asset is not available at the moment)."}
{"logged_at": "2026-06-03 22:08:12", "symbol": "EURJPY", "direction": "CALL", "option_kind": "BINARY", "expiration_minutes": 1, "expiration_timestamp": 1780535340, "method": "buy_by_raw_expirations", "ok": false, "result": "Cannot purchase an option (the asset is not available at the moment)."}
{"logged_at": "2026-06-03 22:08:12", "symbol": "EURJPY", "direction": "CALL", "option_kind": "BINARY", "expiration_minutes": 1, "expiration_timestamp": 1780535340, "method": "buy", "ok": false, "result": "Cannot purchase an option (the asset is not available at the moment)."}
{"logged_at": "2026-06-03 22:08:13", "symbol": "EURJPY", "direction": "CALL", "option_kind": "TURBO", "expiration_minutes": 2, "expiration_timestamp": 1780535400, "method": "buy_by_raw_expirations", "ok": false, "result": "Cannot purchase an option (the asset is not available at the moment)."}
{"logged_at": "2026-06-03 22:08:14", "symbol": "EURJPY", "direction": "CALL", "option_kind": "TURBO", "expiration_minutes": 2, "expiration_timestamp": 1780535400, "method": "buy", "ok": false, "result": "Cannot purchase an option (the asset is not available at the moment)."}
{"logged_at": "2026-06-03 22:08:14", "symbol": "EURJPY", "direction": "CALL", "option_kind": "BINARY", "expiration_minutes": 2, "expiration_timestamp": 1780535400, "method": "buy_by_raw_expirations", "ok": false, "result": "Cannot purchase an option (the asset is not available at the moment)."}
{"logged_at": "2026-06-03 22:08:14", "symbol": "EURJPY", "direction": "CALL", "option_kind": "BINARY", "expiration_minutes": 2, "expiration_timestamp": 1780535400, "method": "buy", "ok": false, "result": "Cannot purchase an option (the asset is not available at the moment)."}
{"logged_at": "2026-06-03 22:08:16", "symbol": "EURJPY", "direction": "CALL", "option_kind": "TURBO", "expiration_minutes": 3, "expiration_timestamp": 1780535460, "method": "buy_by_raw_expirations", "ok": false, "result": "Cannot purchase an option (the asset is not available at the moment)."}
{"logged_at": "2026-06-03 22:08:16", "symbol": "EURJPY", "direction": "CALL", "option_kind": "TURBO", "expiration_minutes": 3, "expiration_timestamp": 1780535460, "method": "buy", "ok": false, "result": "Cannot purchase an option (the asset is not available at the moment)."}
{"logged_at": "2026-06-03 22:08:16", "symbol": "EURJPY", "direction": "CALL", "option_kind": "BINARY", "expiration_minutes": 3, "expiration_timestamp": 1780535460, "method": "buy_by_raw_expirations", "ok": false, "result": "Cannot purchase an option (the asset is not available at the moment)."}
{"logged_at": "2026-06-03 22:08:17", "symbol": "EURJPY", "direction": "CALL", "option_kind": "BINARY", "expiration_minutes": 3, "expiration_timestamp": 1780535460, "method": "buy", "ok": false, "result": "Cannot purchase an option (the asset is not available at the moment)."}
{"logged_at": "2026-06-03 22:08:18", "symbol": "EURJPY", "direction": "CALL", "option_kind": "TURBO", "expiration_minutes": 4, "expiration_timestamp": 1780535520, "method": "buy_by_raw_expirations", "ok": false, "result": "Cannot purchase an option (the asset is not available at the moment)."}
{"logged_at": "2026-06-03 22:08:18", "symbol": "EURJPY", "direction": "CALL", "option_kind": "TURBO", "expiration_minutes": 4, "expiration_timestamp": 1780535520, "method": "buy", "ok": false, "result": "Cannot purchase an option (the asset is not available at the moment)."}
{"logged_at": "2026-06-03 22:08:19", "symbol": "EURJPY", "direction": "CALL", "option_kind": "BINARY", "expiration_minutes": 4, "expiration_timestamp": 1780535520, "method": "buy_by_raw_expirations", "ok": false, "result": "Cannot purchase an option (the asset is not available at the moment)."}
{"logged_at": "2026-06-03 22:08:19", "symbol": "EURJPY", "direction": "CALL", "option_kind": "BINARY", "expiration_minutes": 4, "expiration_timestamp": 1780535520, "method": "buy", "ok": false, "result": "Cannot purchase an option (the asset is not available at the moment)."}
{"logged_at": "2026-06-03 22:08:20", "symbol": "EURJPY", "direction": "CALL", "option_kind": "TURBO", "expiration_minutes": 5, "expiration_timestamp": 1780535580, "method": "buy_by_raw_expirations", "ok": false, "result": "Cannot purchase an option (the asset is not available at the moment)."}
{"logged_at": "2026-06-03 22:08:21", "symbol": "EURJPY", "direction": "CALL", "option_kind": "TURBO", "expiration_minutes": 5, "expiration_timestamp": 1780535580, "method": "buy", "ok": false, "result": "Cannot purchase an option (the asset is not available at the moment)."}
{"logged_at": "2026-06-03 22:08:21", "symbol": "EURJPY", "direction": "CALL", "option_kind": "BINARY", "expiration_minutes": 5, "expiration_timestamp": 1780535580, "method": "buy_by_raw_expirations", "ok": false, "result": "Cannot purchase an option (the asset is not available at the moment)."}
{"logged_at": "2026-06-03 22:08:21", "symbol": "EURJPY", "direction": "CALL", "option_kind": "BINARY", "expiration_minutes": 5, "expiration_timestamp": 1780535580, "method": "buy", "ok": false, "result": "Cannot purchase an option (the asset is not available at the moment)."}
{"logged_at": "2026-06-03 22:08:23", "symbol": "EURJPY", "direction": "CALL", "option_kind": "BINARY", "expiration_minutes": 15, "expiration_timestamp": 1780535700, "method": "buy_by_raw_expirations", "ok": false, "result": "Cannot purchase an option (the asset is not available at the moment)."}
{"logged_at": "2026-06-03 22:08:23", "symbol": "EURJPY", "direction": "CALL", "option_kind": "BINARY", "expiration_minutes": 15, "expiration_timestamp": 1780535700, "method": "buy", "ok": false, "result": "Cannot purchase an option (the asset is not available at the moment)."}
{"logged_at": "2026-06-03 22:08:24", "symbol": "EURJPY", "direction": "CALL", "option_kind": "TURBO", "expiration_minutes": 15, "expiration_timestamp": 1780535700, "method": "buy_by_raw_expirations", "ok": false, "result": "Cannot purchase an option (the asset is not available at the moment)."}
{"logged_at": "2026-06-03 22:08:24", "symbol": "EURJPY", "direction": "CALL", "option_kind": "TURBO", "expiration_minutes": 15, "expiration_timestamp": 1780535700, "method": "buy", "ok": false, "result": "Cannot purchase an option (the asset is not available at the moment)."}
{"logged_at": "2026-06-03 22:08:26", "symbol": "EURJPY", "direction": "CALL", "option_kind": "BINARY", "expiration_minutes": 30, "expiration_timestamp": 1780536600, "method": "buy_by_raw_expirations", "ok": false, "result": "Cannot purchase an option (the asset is not available at the moment)."}
{"logged_at": "2026-06-03 22:08:26", "symbol": "EURJPY", "direction": "CALL", "option_kind": "BINARY", "expiration_minutes": 30, "expiration_timestamp": 1780536600, "method": "buy", "ok": false, "result": "Cannot purchase an option (the asset is not available at the moment)."}
{"logged_at": "2026-06-03 22:08:26", "symbol": "EURJPY", "direction": "CALL", "option_kind": "TURBO", "expiration_minutes": 30, "expiration_timestamp": 1780536600, "method": "buy_by_raw_expirations", "ok": false, "result": "Cannot purchase an option (the asset is not available at the moment)."}
{"logged_at": "2026-06-03 22:08:27", "symbol": "EURJPY", "direction": "CALL", "option_kind": "TURBO", "expiration_minutes": 30, "expiration_timestamp": 1780536600, "method": "buy", "ok": false, "result": "Cannot purchase an option (the asset is not available at the moment)."}
{"logged_at": "2026-06-03 22:08:29", "symbol": "EURJPY", "direction": "CALL", "option_kind": "BINARY", "expiration_minutes": 45, "expiration_timestamp": 1780537500, "method": "buy_by_raw_expirations", "ok": false, "result": "Cannot purchase an option (the asset is not available at the moment)."}
{"logged_at": "2026-06-03 22:08:29", "symbol": "EURJPY", "direction": "CALL", "option_kind": "BINARY", "expiration_minutes": 45, "expiration_timestamp": 1780537500, "method": "buy", "ok": false, "result": "Cannot purchase an option (the asset is not available at the moment)."}
{"logged_at": "2026-06-03 22:08:29", "symbol": "EURJPY", "direction": "CALL", "option_kind": "TURBO", "expiration_minutes": 45, "expiration_timestamp": 1780537500, "method": "buy_by_raw_expirations", "ok": false, "result": "Cannot purchase an option (the asset is not available at the moment)."}
{"logged_at": "2026-06-03 22:08:29", "symbol": "EURJPY", "direction": "CALL", "option_kind": "TURBO", "expiration_minutes": 45, "expiration_timestamp": 1780537500, "method": "buy", "ok": false, "result": "Cannot purchase an option (the asset is not available at the moment)."}
{"logged_at": "2026-06-03 22:08:31", "symbol": "EURJPY", "direction": "CALL", "option_kind": "BINARY", "expiration_minutes": 60, "expiration_timestamp": 1780538400, "method": "buy_by_raw_expirations", "ok": false, "result": "Cannot purchase an option (the asset is not available at the moment)."}
{"logged_at": "2026-06-03 22:08:32", "symbol": "EURJPY", "direction": "CALL", "option_kind": "BINARY", "expiration_minutes": 60, "expiration_timestamp": 1780538400, "method": "buy", "ok": false, "result": "Cannot purchase an option (the asset is not available at the moment)."}
{"logged_at": "2026-06-03 22:08:32", "symbol": "EURJPY", "direction": "CALL", "option_kind": "TURBO", "expiration_minutes": 60, "expiration_timestamp": 1780538400, "method": "buy_by_raw_expirations", "ok": false, "result": "Cannot purchase an option (the asset is not available at the moment)."}
{"logged_at": "2026-06-03 22:08:32", "symbol": "EURJPY", "direction": "CALL", "option_kind": "TURBO", "expiration_minutes": 60, "expiration_timestamp": 1780538400, "method": "buy", "ok": false, "result": "Cannot purchase an option (the asset is not available at the moment)."}
{"logged_at": "2026-06-03 22:08:34", "symbol": "EURJPY", "direction": "CALL", "option_kind": "BINARY", "expiration_minutes": 75, "expiration_timestamp": 1780539300, "method": "buy_by_raw_expirations", "ok": false, "result": "Cannot purchase an option (the asset is not available at the moment)."}
{"logged_at": "2026-06-03 22:08:35", "symbol": "EURJPY", "direction": "CALL", "option_kind": "BINARY", "expiration_minutes": 75, "expiration_timestamp": 1780539300, "method": "buy", "ok": false, "result": "Cannot purchase an option (the asset is not available at the moment)."}
{"logged_at": "2026-06-03 22:08:35", "symbol": "EURJPY", "direction": "CALL", "option_kind": "TURBO", "expiration_minutes": 75, "expiration_timestamp": 1780539300, "method": "buy_by_raw_expirations", "ok": false, "result": "Cannot purchase an option (the asset is not available at the moment)."}
{"logged_at": "2026-06-03 22:08:35", "symbol": "EURJPY", "direction": "CALL", "option_kind": "TURBO", "expiration_minutes": 75, "expiration_timestamp": 1780539300, "method": "buy", "ok": false, "result": "Cannot purchase an option (the asset is not available at the moment)."}
{"logged_at": "2026-06-03 22:08:37", "symbol": "EURJPY", "direction": "CALL", "option_kind": "BINARY", "expiration_minutes": 90, "expiration_timestamp": 1780540200, "method": "buy_by_raw_expirations", "ok": false, "result": "Cannot purchase an option (the asset is not available at the moment)."}
{"logged_at": "2026-06-03 22:08:37", "symbol": "EURJPY", "direction": "CALL", "option_kind": "BINARY", "expiration_minutes": 90, "expiration_timestamp": 1780540200, "method": "buy", "ok": false, "result": "Cannot purchase an option (the asset is not available at the moment)."}
{"logged_at": "2026-06-03 22:08:38", "symbol": "EURJPY", "direction": "CALL", "option_kind": "TURBO", "expiration_minutes": 90, "expiration_timestamp": 1780540200, "method": "buy_by_raw_expirations", "ok": false, "result": "Cannot purchase an option (the asset is not available at the moment)."}
{"logged_at": "2026-06-03 22:08:38", "symbol": "EURJPY", "direction": "CALL", "option_kind": "TURBO", "expiration_minutes": 90, "expiration_timestamp": 1780540200, "method": "buy", "ok": false, "result": "Cannot purchase an option (the asset is not available at the moment)."}
{"logged_at": "2026-06-03 22:08:40", "symbol": "EURJPY", "direction": "CALL", "option_kind": "BINARY", "expiration_minutes": 105, "expiration_timestamp": 1780541100, "method": "buy_by_raw_expirations", "ok": false, "result": "Cannot purchase an option (the asset is not available at the moment)."}
{"logged_at": "2026-06-03 22:08:41", "symbol": "EURJPY", "direction": "CALL", "option_kind": "BINARY", "expiration_minutes": 105, "expiration_timestamp": 1780541100, "method": "buy", "ok": false, "result": "Cannot purchase an option (the asset is not available at the moment)."}
{"logged_at": "2026-06-03 22:08:41", "symbol": "EURJPY", "direction": "CALL", "option_kind": "TURBO", "expiration_minutes": 105, "expiration_timestamp": 1780541100, "method": "buy_by_raw_expirations", "ok": false, "result": "Cannot purchase an option (the asset is not available at the moment)."}
{"logged_at": "2026-06-03 22:08:41", "symbol": "EURJPY", "direction": "CALL", "option_kind": "TURBO", "expiration_minutes": 105, "expiration_timestamp": 1780541100, "method": "buy", "ok": false, "result": "Cannot purchase an option (the asset is not available at the moment)."}
{"logged_at": "2026-06-03 22:08:43", "symbol": "EURJPY", "direction": "CALL", "option_kind": "BINARY", "expiration_minutes": 120, "expiration_timestamp": 1780542000, "method": "buy_by_raw_expirations", "ok": false, "result": "Cannot purchase an option (the asset is not available at the moment)."}
{"logged_at": "2026-06-03 22:08:44", "symbol": "EURJPY", "direction": "CALL", "option_kind": "BINARY", "expiration_minutes": 120, "expiration_timestamp": 1780542000, "method": "buy", "ok": false, "result": "Cannot purchase an option (the asset is not available at the moment)."}
{"logged_at": "2026-06-03 22:08:44", "symbol": "EURJPY", "direction": "CALL", "option_kind": "TURBO", "expiration_minutes": 120, "expiration_timestamp": 1780542000, "method": "buy_by_raw_expirations", "ok": false, "result": "Cannot purchase an option (the asset is not available at the moment)."}
{"logged_at": "2026-06-03 22:08:44", "symbol": "EURJPY", "direction": "CALL", "option_kind": "TURBO", "expiration_minutes": 120, "expiration_timestamp": 1780542000, "method": "buy", "ok": false, "result": "Cannot purchase an option (the asset is not available at the moment)."}
{"logged_at": "2026-06-03 22:08:46", "symbol": "EURJPY", "direction": "CALL", "option_kind": "BINARY", "expiration_minutes": 135, "expiration_timestamp": 1780542900, "method": "buy_by_raw_expirations", "ok": false, "result": "Cannot purchase an option (the asset is not available at the moment)."}
{"logged_at": "2026-06-03 22:08:47", "symbol": "EURJPY", "direction": "CALL", "option_kind": "BINARY", "expiration_minutes": 135, "expiration_timestamp": 1780542900, "method": "buy", "ok": false, "result": "Cannot purchase an option (the asset is not available at the moment)."}
{"logged_at": "2026-06-03 22:08:47", "symbol": "EURJPY", "direction": "CALL", "option_kind": "TURBO", "expiration_minutes": 135, "expiration_timestamp": 1780542900, "method": "buy_by_raw_expirations", "ok": false, "result": "Cannot purchase an option (the asset is not available at the moment)."}
{"logged_at": "2026-06-03 22:08:47", "symbol": "EURJPY", "direction": "CALL", "option_kind": "TURBO", "expiration_minutes": 135, "expiration_timestamp": 1780542900, "method": "buy", "ok": false, "result": "Cannot purchase an option (the asset is not available at the moment)."}
{"logged_at": "2026-06-03 22:08:49", "symbol": "EURJPY", "direction": "CALL", "option_kind": "BINARY", "expiration_minutes": 150, "expiration_timestamp": 1780543800, "method": "buy_by_raw_expirations", "ok": false, "result": "Cannot purchase an option (the asset is not available at the moment)."}
{"logged_at": "2026-06-03 22:08:50", "symbol": "EURJPY", "direction": "CALL", "option_kind": "BINARY", "expiration_minutes": 150, "expiration_timestamp": 1780543800, "method": "buy", "ok": false, "result": "Cannot purchase an option (the asset is not available at the moment)."}
{"logged_at": "2026-06-03 22:08:50", "symbol": "EURJPY", "direction": "CALL", "option_kind": "TURBO", "expiration_minutes": 150, "expiration_timestamp": 1780543800, "method": "buy_by_raw_expirations", "ok": false, "result": "Cannot purchase an option (the asset is not available at the moment)."}
{"logged_at": "2026-06-03 22:08:50", "symbol": "EURJPY", "direction": "CALL", "option_kind": "TURBO", "expiration_minutes": 150, "expiration_timestamp": 1780543800, "method": "buy", "ok": false, "result": "Cannot purchase an option (the asset is not available at the moment)."}
{"logged_at": "2026-06-03 22:08:53", "symbol": "EURJPY", "direction": "CALL", "option_kind": "BINARY", "expiration_minutes": 165, "expiration_timestamp": 1780544700, "method": "buy_by_raw_expirations", "ok": false, "result": "Cannot purchase an option (the asset is not available at the moment)."}
{"logged_at": "2026-06-03 22:08:53", "symbol": "EURJPY", "direction": "CALL", "option_kind": "BINARY", "expiration_minutes": 165, "expiration_timestamp": 1780544700, "method": "buy", "ok": false, "result": "Cannot purchase an option (the asset is not available at the moment)."}
{"logged_at": "2026-06-03 22:08:53", "symbol": "EURJPY", "direction": "CALL", "option_kind": "TURBO", "expiration_minutes": 165, "expiration_timestamp": 1780544700, "method": "buy_by_raw_expirations", "ok": false, "result": "Cannot purchase an option (the asset is not available at the moment)."}
{"logged_at": "2026-06-03 22:08:54", "symbol": "EURJPY", "direction": "CALL", "option_kind": "TURBO", "expiration_minutes": 165, "expiration_timestamp": 1780544700, "method": "buy", "ok": false, "result": "Cannot purchase an option (the asset is not available at the moment)."}
{"logged_at": "2026-06-04 13:08:05", "symbol": "EURUSD", "direction": "CALL", "option_kind": "TURBO", "expiration_minutes": 2, "expiration_timestamp": 1780589400, "method": "buy_by_raw_expirations", "ok": false, "result": "Cannot purchase an option (the asset is not available at the moment)."}
{"logged_at": "2026-06-04 13:08:05", "symbol": "EURUSD", "direction": "CALL", "option_kind": "TURBO", "expiration_minutes": 2, "expiration_timestamp": 1780589400, "method": "buy", "ok": false, "result": "Cannot purchase an option (the asset is not available at the moment)."}
{"logged_at": "2026-06-04 13:08:06", "symbol": "EURUSD", "direction": "CALL", "option_kind": "BINARY", "expiration_minutes": 2, "expiration_timestamp": 1780589400, "method": "buy_by_raw_expirations", "ok": false, "result": "Cannot purchase an option (the asset is not available at the moment)."}
{"logged_at": "2026-06-04 13:08:06", "symbol": "EURUSD", "direction": "CALL", "option_kind": "BINARY", "expiration_minutes": 2, "expiration_timestamp": 1780589400, "method": "buy", "ok": false, "result": "Cannot purchase an option (the asset is not available at the moment)."}
{"logged_at": "2026-06-04 13:08:08", "symbol": "EURUSD", "direction": "CALL", "option_kind": "TURBO", "expiration_minutes": 1, "expiration_timestamp": 1780589340, "method": "buy_by_raw_expirations", "ok": false, "result": "Cannot purchase an option (the asset is not available at the moment)."}
{"logged_at": "2026-06-04 13:08:09", "symbol": "EURUSD", "direction": "CALL", "option_kind": "TURBO", "expiration_minutes": 1, "expiration_timestamp": 1780589340, "method": "buy", "ok": false, "result": "Cannot purchase an option (the asset is not available at the moment)."}
{"logged_at": "2026-06-04 13:08:09", "symbol": "EURUSD", "direction": "CALL", "option_kind": "BINARY", "expiration_minutes": 1, "expiration_timestamp": 1780589340, "method": "buy_by_raw_expirations", "ok": false, "result": "Cannot purchase an option (the asset is not available at the moment)."}
{"logged_at": "2026-06-04 13:08:09", "symbol": "EURUSD", "direction": "CALL", "option_kind": "BINARY", "expiration_minutes": 1, "expiration_timestamp": 1780589340, "method": "buy", "ok": false, "result": "Cannot purchase an option (the asset is not available at the moment)."}
{"logged_at": "2026-06-04 13:08:11", "symbol": "EURUSD", "direction": "CALL", "option_kind": "TURBO", "expiration_minutes": 3, "expiration_timestamp": 1780589460, "method": "buy_by_raw_expirations", "ok": false, "result": "Cannot purchase an option (the asset is not available at the moment)."}
{"logged_at": "2026-06-04 13:08:11", "symbol": "EURUSD", "direction": "CALL", "option_kind": "TURBO", "expiration_minutes": 3, "expiration_timestamp": 1780589460, "method": "buy", "ok": false, "result": "Cannot purchase an option (the asset is not available at the moment)."}
{"logged_at": "2026-06-04 13:08:12", "symbol": "EURUSD", "direction": "CALL", "option_kind": "BINARY", "expiration_minutes": 3, "expiration_timestamp": 1780589460, "method": "buy_by_raw_expirations", "ok": false, "result": "Cannot purchase an option (the asset is not available at the moment)."}
{"logged_at": "2026-06-04 13:08:12", "symbol": "EURUSD", "direction": "CALL", "option_kind": "BINARY", "expiration_minutes": 3, "expiration_timestamp": 1780589460, "method": "buy", "ok": false, "result": "Cannot purchase an option (the asset is not available at the moment)."}
{"logged_at": "2026-06-04 13:08:14", "symbol": "EURUSD", "direction": "CALL", "option_kind": "TURBO", "expiration_minutes": 4, "expiration_timestamp": 1780589520, "method": "buy_by_raw_expirations", "ok": false, "result": "Cannot purchase an option (the asset is not available at the moment)."}
{"logged_at": "2026-06-04 13:08:14", "symbol": "EURUSD", "direction": "CALL", "option_kind": "TURBO", "expiration_minutes": 4, "expiration_timestamp": 1780589520, "method": "buy", "ok": false, "result": "Cannot purchase an option (the asset is not available at the moment)."}
{"logged_at": "2026-06-04 13:08:14", "symbol": "EURUSD", "direction": "CALL", "option_kind": "BINARY", "expiration_minutes": 4, "expiration_timestamp": 1780589520, "method": "buy_by_raw_expirations", "ok": false, "result": "Cannot purchase an option (the asset is not available at the moment)."}
{"logged_at": "2026-06-04 13:08:14", "symbol": "EURUSD", "direction": "CALL", "option_kind": "BINARY", "expiration_minutes": 4, "expiration_timestamp": 1780589520, "method": "buy", "ok": false, "result": "Cannot purchase an option (the asset is not available at the moment)."}
{"logged_at": "2026-06-04 13:08:16", "symbol": "EURUSD", "direction": "CALL", "option_kind": "TURBO", "expiration_minutes": 5, "expiration_timestamp": 1780589580, "method": "buy_by_raw_expirations", "ok": false, "result": "Cannot purchase an option (the asset is not available at the moment)."}
{"logged_at": "2026-06-04 13:08:16", "symbol": "EURUSD", "direction": "CALL", "option_kind": "TURBO", "expiration_minutes": 5, "expiration_timestamp": 1780589580, "method": "buy", "ok": false, "result": "Cannot purchase an option (the asset is not available at the moment)."}
{"logged_at": "2026-06-04 13:08:17", "symbol": "EURUSD", "direction": "CALL", "option_kind": "BINARY", "expiration_minutes": 5, "expiration_timestamp": 1780589580, "method": "buy_by_raw_expirations", "ok": false, "result": "Cannot purchase an option (the asset is not available at the moment)."}
{"logged_at": "2026-06-04 13:08:17", "symbol": "EURUSD", "direction": "CALL", "option_kind": "BINARY", "expiration_minutes": 5, "expiration_timestamp": 1780589580, "method": "buy", "ok": false, "result": "Cannot purchase an option (the asset is not available at the moment)."}
{"logged_at": "2026-06-04 13:08:19", "symbol": "EURUSD", "direction": "CALL", "option_kind": "BINARY", "expiration_minutes": 15, "expiration_timestamp": 1780589700, "method": "buy_by_raw_expirations", "ok": false, "result": "Cannot purchase an option (the asset is not available at the moment)."}
{"logged_at": "2026-06-04 13:08:19", "symbol": "EURUSD", "direction": "CALL", "option_kind": "BINARY", "expiration_minutes": 15, "expiration_timestamp": 1780589700, "method": "buy", "ok": false, "result": "Cannot purchase an option (the asset is not available at the moment)."}
{"logged_at": "2026-06-04 13:08:19", "symbol": "EURUSD", "direction": "CALL", "option_kind": "TURBO", "expiration_minutes": 15, "expiration_timestamp": 1780589700, "method": "buy_by_raw_expirations", "ok": false, "result": "Cannot purchase an option (the asset is not available at the moment)."}
{"logged_at": "2026-06-04 13:08:19", "symbol": "EURUSD", "direction": "CALL", "option_kind": "TURBO", "expiration_minutes": 15, "expiration_timestamp": 1780589700, "method": "buy", "ok": false, "result": "Cannot purchase an option (the asset is not available at the moment)."}
{"logged_at": "2026-06-04 13:08:21", "symbol": "EURUSD", "direction": "CALL", "option_kind": "BINARY", "expiration_minutes": 30, "expiration_timestamp": 1780590600, "method": "buy_by_raw_expirations", "ok": false, "result": "Cannot purchase an option (the asset is not available at the moment)."}
{"logged_at": "2026-06-04 13:08:22", "symbol": "EURUSD", "direction": "CALL", "option_kind": "BINARY", "expiration_minutes": 30, "expiration_timestamp": 1780590600, "method": "buy", "ok": false, "result": "Cannot purchase an option (the asset is not available at the moment)."}
{"logged_at": "2026-06-04 13:08:22", "symbol": "EURUSD", "direction": "CALL", "option_kind": "TURBO", "expiration_minutes": 30, "expiration_timestamp": 1780590600, "method": "buy_by_raw_expirations", "ok": false, "result": "Cannot purchase an option (the asset is not available at the moment)."}
{"logged_at": "2026-06-04 13:08:22", "symbol": "EURUSD", "direction": "CALL", "option_kind": "TURBO", "expiration_minutes": 30, "expiration_timestamp": 1780590600, "method": "buy", "ok": false, "result": "Cannot purchase an option (the asset is not available at the moment)."}
{"logged_at": "2026-06-04 13:08:24", "symbol": "EURUSD", "direction": "CALL", "option_kind": "BINARY", "expiration_minutes": 45, "expiration_timestamp": 1780591500, "method": "buy_by_raw_expirations", "ok": false, "result": "Cannot purchase an option (the asset is not available at the moment)."}
{"logged_at": "2026-06-04 13:08:24", "symbol": "EURUSD", "direction": "CALL", "option_kind": "BINARY", "expiration_minutes": 45, "expiration_timestamp": 1780591500, "method": "buy", "ok": false, "result": "Cannot purchase an option (the asset is not available at the moment)."}
{"logged_at": "2026-06-04 13:08:24", "symbol": "EURUSD", "direction": "CALL", "option_kind": "TURBO", "expiration_minutes": 45, "expiration_timestamp": 1780591500, "method": "buy_by_raw_expirations", "ok": false, "result": "Cannot purchase an option (the asset is not available at the moment)."}
{"logged_at": "2026-06-04 13:08:25", "symbol": "EURUSD", "direction": "CALL", "option_kind": "TURBO", "expiration_minutes": 45, "expiration_timestamp": 1780591500, "method": "buy", "ok": false, "result": "Cannot purchase an option (the asset is not available at the moment)."}
{"logged_at": "2026-06-04 13:08:27", "symbol": "EURUSD", "direction": "CALL", "option_kind": "BINARY", "expiration_minutes": 60, "expiration_timestamp": 1780592400, "method": "buy_by_raw_expirations", "ok": false, "result": "Cannot purchase an option (the asset is not available at the moment)."}
{"logged_at": "2026-06-04 13:08:27", "symbol": "EURUSD", "direction": "CALL", "option_kind": "BINARY", "expiration_minutes": 60, "expiration_timestamp": 1780592400, "method": "buy", "ok": false, "result": "Cannot purchase an option (the asset is not available at the moment)."}
{"logged_at": "2026-06-04 13:08:27", "symbol": "EURUSD", "direction": "CALL", "option_kind": "TURBO", "expiration_minutes": 60, "expiration_timestamp": 1780592400, "method": "buy_by_raw_expirations", "ok": false, "result": "Cannot purchase an option (the asset is not available at the moment)."}
{"logged_at": "2026-06-04 13:08:27", "symbol": "EURUSD", "direction": "CALL", "option_kind": "TURBO", "expiration_minutes": 60, "expiration_timestamp": 1780592400, "method": "buy", "ok": false, "result": "Cannot purchase an option (the asset is not available at the moment)."}
{"logged_at": "2026-06-04 13:08:29", "symbol": "EURUSD", "direction": "CALL", "option_kind": "BINARY", "expiration_minutes": 75, "expiration_timestamp": 1780593300, "method": "buy_by_raw_expirations", "ok": false, "result": "Cannot purchase an option (the asset is not available at the moment)."}
{"logged_at": "2026-06-04 13:08:30", "symbol": "EURUSD", "direction": "CALL", "option_kind": "BINARY", "expiration_minutes": 75, "expiration_timestamp": 1780593300, "method": "buy", "ok": false, "result": "Cannot purchase an option (the asset is not available at the moment)."}
{"logged_at": "2026-06-04 13:08:30", "symbol": "EURUSD", "direction": "CALL", "option_kind": "TURBO", "expiration_minutes": 75, "expiration_timestamp": 1780593300, "method": "buy_by_raw_expirations", "ok": false, "result": "Cannot purchase an option (the asset is not available at the moment)."}
{"logged_at": "2026-06-04 13:08:30", "symbol": "EURUSD", "direction": "CALL", "option_kind": "TURBO", "expiration_minutes": 75, "expiration_timestamp": 1780593300, "method": "buy", "ok": false, "result": "Cannot purchase an option (the asset is not available at the moment)."}
{"logged_at": "2026-06-04 13:08:32", "symbol": "EURUSD", "direction": "CALL", "option_kind": "BINARY", "expiration_minutes": 90, "expiration_timestamp": 1780594200, "method": "buy_by_raw_expirations", "ok": false, "result": "Cannot purchase an option (the asset is not available at the moment)."}
{"logged_at": "2026-06-04 13:08:32", "symbol": "EURUSD", "direction": "CALL", "option_kind": "BINARY", "expiration_minutes": 90, "expiration_timestamp": 1780594200, "method": "buy", "ok": false, "result": "Cannot purchase an option (the asset is not available at the moment)."}
{"logged_at": "2026-06-04 13:08:33", "symbol": "EURUSD", "direction": "CALL", "option_kind": "TURBO", "expiration_minutes": 90, "expiration_timestamp": 1780594200, "method": "buy_by_raw_expirations", "ok": false, "result": "Cannot purchase an option (the asset is not available at the moment)."}
{"logged_at": "2026-06-04 13:08:33", "symbol": "EURUSD", "direction": "CALL", "option_kind": "TURBO", "expiration_minutes": 90, "expiration_timestamp": 1780594200, "method": "buy", "ok": false, "result": "Cannot purchase an option (the asset is not available at the moment)."}
{"logged_at": "2026-06-04 13:08:35", "symbol": "EURUSD", "direction": "CALL", "option_kind": "BINARY", "expiration_minutes": 105, "expiration_timestamp": 1780595100, "method": "buy_by_raw_expirations", "ok": false, "result": "Cannot purchase an option (the asset is not available at the moment)."}
{"logged_at": "2026-06-04 13:08:35", "symbol": "EURUSD", "direction": "CALL", "option_kind": "BINARY", "expiration_minutes": 105, "expiration_timestamp": 1780595100, "method": "buy", "ok": false, "result": "Cannot purchase an option (the asset is not available at the moment)."}
{"logged_at": "2026-06-04 13:08:35", "symbol": "EURUSD", "direction": "CALL", "option_kind": "TURBO", "expiration_minutes": 105, "expiration_timestamp": 1780595100, "method": "buy_by_raw_expirations", "ok": false, "result": "Cannot purchase an option (the asset is not available at the moment)."}
{"logged_at": "2026-06-04 13:08:36", "symbol": "EURUSD", "direction": "CALL", "option_kind": "TURBO", "expiration_minutes": 105, "expiration_timestamp": 1780595100, "method": "buy", "ok": false, "result": "Cannot purchase an option (the asset is not available at the moment)."}
{"logged_at": "2026-06-04 13:08:37", "symbol": "EURUSD", "direction": "CALL", "option_kind": "BINARY", "expiration_minutes": 120, "expiration_timestamp": 1780596000, "method": "buy_by_raw_expirations", "ok": false, "result": "Cannot purchase an option (the asset is not available at the moment)."}
{"logged_at": "2026-06-04 13:08:38", "symbol": "EURUSD", "direction": "CALL", "option_kind": "BINARY", "expiration_minutes": 120, "expiration_timestamp": 1780596000, "method": "buy", "ok": false, "result": "Cannot purchase an option (the asset is not available at the moment)."}
{"logged_at": "2026-06-04 13:08:38", "symbol": "EURUSD", "direction": "CALL", "option_kind": "TURBO", "expiration_minutes": 120, "expiration_timestamp": 1780596000, "method": "buy_by_raw_expirations", "ok": false, "result": "Cannot purchase an option (the asset is not available at the moment)."}
{"logged_at": "2026-06-04 13:08:38", "symbol": "EURUSD", "direction": "CALL", "option_kind": "TURBO", "expiration_minutes": 120, "expiration_timestamp": 1780596000, "method": "buy", "ok": false, "result": "Cannot purchase an option (the asset is not available at the moment)."}
{"logged_at": "2026-06-04 13:08:40", "symbol": "EURUSD", "direction": "CALL", "option_kind": "BINARY", "expiration_minutes": 135, "expiration_timestamp": 1780596900, "method": "buy_by_raw_expirations", "ok": false, "result": "Cannot purchase an option (the asset is not available at the moment)."}
{"logged_at": "2026-06-04 13:08:40", "symbol": "EURUSD", "direction": "CALL", "option_kind": "BINARY", "expiration_minutes": 135, "expiration_timestamp": 1780596900, "method": "buy", "ok": false, "result": "Cannot purchase an option (the asset is not available at the moment)."}
{"logged_at": "2026-06-04 13:08:41", "symbol": "EURUSD", "direction": "CALL", "option_kind": "TURBO", "expiration_minutes": 135, "expiration_timestamp": 1780596900, "method": "buy_by_raw_expirations", "ok": false, "result": "Cannot purchase an option (the asset is not available at the moment)."}
{"logged_at": "2026-06-04 13:08:41", "symbol": "EURUSD", "direction": "CALL", "option_kind": "TURBO", "expiration_minutes": 135, "expiration_timestamp": 1780596900, "method": "buy", "ok": false, "result": "Cannot purchase an option (the asset is not available at the moment)."}
{"logged_at": "2026-06-04 13:08:43", "symbol": "EURUSD", "direction": "CALL", "option_kind": "BINARY", "expiration_minutes": 150, "expiration_timestamp": 1780597800, "method": "buy_by_raw_expirations", "ok": false, "result": "Cannot purchase an option (the asset is not available at the moment)."}
{"logged_at": "2026-06-04 13:08:43", "symbol": "EURUSD", "direction": "CALL", "option_kind": "BINARY", "expiration_minutes": 150, "expiration_timestamp": 1780597800, "method": "buy", "ok": false, "result": "Cannot purchase an option (the asset is not available at the moment)."}
{"logged_at": "2026-06-04 13:08:44", "symbol": "EURUSD", "direction": "CALL", "option_kind": "TURBO", "expiration_minutes": 150, "expiration_timestamp": 1780597800, "method": "buy_by_raw_expirations", "ok": false, "result": "Cannot purchase an option (the asset is not available at the moment)."}
{"logged_at": "2026-06-04 13:08:44", "symbol": "EURUSD", "direction": "CALL", "option_kind": "TURBO", "expiration_minutes": 150, "expiration_timestamp": 1780597800, "method": "buy", "ok": false, "result": "Cannot purchase an option (the asset is not available at the moment)."}
{"logged_at": "2026-06-04 13:08:46", "symbol": "EURUSD", "direction": "CALL", "option_kind": "BINARY", "expiration_minutes": 165, "expiration_timestamp": 1780598700, "method": "buy_by_raw_expirations", "ok": false, "result": "Cannot purchase an option (the asset is not available at the moment)."}
{"logged_at": "2026-06-04 13:08:46", "symbol": "EURUSD", "direction": "CALL", "option_kind": "BINARY", "expiration_minutes": 165, "expiration_timestamp": 1780598700, "method": "buy", "ok": false, "result": "Cannot purchase an option (the asset is not available at the moment)."}
{"logged_at": "2026-06-04 13:08:46", "symbol": "EURUSD", "direction": "CALL", "option_kind": "TURBO", "expiration_minutes": 165, "expiration_timestamp": 1780598700, "method": "buy_by_raw_expirations", "ok": false, "result": "Cannot purchase an option (the asset is not available at the moment)."}
{"logged_at": "2026-06-04 13:08:47", "symbol": "EURUSD", "direction": "CALL", "option_kind": "TURBO", "expiration_minutes": 165, "expiration_timestamp": 1780598700, "method": "buy", "ok": false, "result": "Cannot purchase an option (the asset is not available at the moment)."}
